✔ F01: exact idle/absolute boundaries, interactive extension and poll non-extension (16.80875ms)
✔ F01/L01: concurrent first exchange has one identity, five active sessions, oldest eviction (9.720792ms)
✔ L01/F01: invalid/replayed/platform code never creates identity; logout current only; deleting lock reserved (9.666375ms)
✔ R01: 120 including platform failures; fixed minute recovery and restart (106.972541ms)
✔ R01: time sampled after BEGIN IMMEDIATE, crossing old full window uses new window (4.393208ms)
✔ M04/I01: role inspect, grant/revoke, cached historical result, CAS and audit atomicity (6.358583ms)
✔ L01/R01: DB failure does not authenticate or bypass count; account creation rolls back with audit (5.347208ms)
✔ adapter isolation: store refuses fixture mode, namespace cannot silently switch (2.425584ms)
✔ official adapter transport contract: strict platform errors, missing fields, redirect and secret suppression (24.206083ms)
✔ strict input: escaped/nested duplicate keys, prototype keys, malformed numbers and extra fields (2.925917ms)
✔ real role CLI: inspect/apply/result is local, versioned and audited (113.493958ms)
✔ M04/I01: foreign-store token denied, logout audit failure rolls back, intent window boundaries enforced (7.351792ms)
✔ P01: public/refusal path never calls wx.login or exchanges identity (2.985375ms)
✔ P01/L01: only explicit consent logs in; simulation label and token outside view data (1.61975ms)
✔ F01/P01: foreground polls never relogin; failures/401 are honest; hidden timer sends nothing (3.212208ms)
✔ F01: logged in -> hidden past expiry -> foreground pending/failure/401 never shows stale authenticated state (1.23175ms)
✔ F01: response from before hiding cannot restore authenticated state or an expiry timer (0.730916ms)
✔ F01: hide/show and late A response serialize queued B/manual refresh with one in-flight session read (0.837833ms)
✔ native request boundary: non-2xx/business failure rejected, cross-environment cached token ignored (6.100084ms)
✔ I01: unconfirmed logout retains original operation key until explicit retry resolves (0.473958ms)
ℹ tests 20
ℹ suites 0
ℹ pass 20
ℹ fail 0
ℹ cancelled 0
ℹ skipped 0
ℹ todo 0
ℹ duration_ms 377.596375
