test_F4_closed_graph_without_review_is_insufficient (test_behavior.EvidenceGate) ... ok
test_F4_complete_synthetic_review_never_approves_source (test_behavior.EvidenceGate) ... ok
test_F4_each_missing_evidence_blocks (test_behavior.EvidenceGate) ... ok
test_F4_partial_manual_symbol_and_reachability_blocks (test_behavior.EvidenceGate) ... ok
test_F4_unresolved_cannot_be_overridden_by_review (test_behavior.EvidenceGate) ... ok
test_F4_wrong_binding_and_source_map_blocks (test_behavior.EvidenceGate) ... ok
test_schema_reusable_with_different_synthetic_roots_symbols_and_ids (test_behavior.GenericSchema) ... ok
test_fixture_provenance_and_no_url_or_binary (test_behavior.NegativeCapabilities) ... ok
test_negative_current_source_inventory (test_behavior.NegativeCapabilities) ... ok
test_negative_import_and_execution_detection (test_behavior.NegativeCapabilities) ... ok
test_F1_ambiguous (test_behavior.ParserBehavior) ... ok
test_F1_generated (test_behavior.ParserBehavior) ... ok
test_F1_internal_angles_relative_duplicate_and_external (test_behavior.ParserBehavior) ... ok
test_F1_missing_angle_internal (test_behavior.ParserBehavior) ... ok
test_F1_missing_quoted (test_behavior.ParserBehavior) ... ok
test_F1_outside_scope (test_behavior.ParserBehavior) ... ok
test_F1_parent_relative (test_behavior.ParserBehavior) ... ok
test_F1_path_escape (test_behavior.ParserBehavior) ... ok
test_F1_unknown_external_is_not_guessed (test_behavior.ParserBehavior) ... ok
test_F2_comments_do_not_create_edges (test_behavior.ParserBehavior) ... ok
test_F2_conditional_branch (test_behavior.ParserBehavior) ... ok
test_F2_continuation (test_behavior.ParserBehavior) ... ok
test_F2_digraph (test_behavior.ParserBehavior) ... ok
test_F2_macro (test_behavior.ParserBehavior) ... ok
test_F2_mismatched_delimiters (test_behavior.ParserBehavior) ... ok
test_F2_raw_string (test_behavior.ParserBehavior) ... ok
test_F2_string_does_not_create_edge (test_behavior.ParserBehavior) ... ok
test_F2_unclosed_comment (test_behavior.ParserBehavior) ... ok
test_F2_unknown_directive (test_behavior.ParserBehavior) ... ok
test_F3_capability_stops_before_last_seed (test_behavior.ParserBehavior) ... ok
test_F3_denylist_inside_allowed_root_stops_before_last_seed (test_behavior.ParserBehavior) ... ok
test_F3_denylist_missing_path_still_stops (test_behavior.ParserBehavior) ... ok
test_F3_new_reached_type_checked_before_next_seed (test_behavior.ParserBehavior) ... ok
test_F8_checkpoint_publish_failure_prevents_fetch (test_behavior.PersistenceBehavior) ... ok
test_F8_interrupt_and_fetch_error (test_behavior.PersistenceBehavior) ... ok
test_F8_stage_faults_preserve_state_without_retry (test_behavior.PersistenceBehavior) ... ok
test_F8_terminal_write_failure_uses_evidence_only_fallback (test_behavior.PersistenceBehavior) ... ok
test_F8_two_independent_directories_identical (test_behavior.PersistenceBehavior) ... ok
test_F9_actual_os_short_write (test_behavior.PersistenceBehavior) ... ok
test_F9_evidence_path_rejected (test_behavior.PersistenceBehavior) ... ok
test_F9_existing_run_rejected (test_behavior.PersistenceBehavior) ... ok
test_F9_no_overwrite_of_existing_evidence (test_behavior.PersistenceBehavior) ... ok
test_F9_regular_reader_rejects_symlink_hardlink_and_fifo (test_behavior.PersistenceBehavior) ... ok
test_F9_short_authorization_write_is_not_published_or_used (test_behavior.PersistenceBehavior) ... ok
test_F9_symlink_parent_rejected_before_enumeration (test_behavior.PersistenceBehavior) ... ok
test_F5_all_redirects_stop_without_follow_or_extra_authorization (test_behavior.TransportAndIdentity) ... ok
test_F6_response_cap_before_decode_or_adoption (test_behavior.TransportAndIdentity) ... ok
test_F6_response_exact_limit (test_behavior.TransportAndIdentity) ... ok
test_F7_ascii_base64_whitespace (test_behavior.TransportAndIdentity) ... ok
test_F7_extra_padding_rejected (test_behavior.TransportAndIdentity) ... ok
test_F7_invalid_base64_character (test_behavior.TransportAndIdentity) ... ok
test_F7_unicode_whitespace_rejected (test_behavior.TransportAndIdentity) ... ok
test_F7_wrong_encoding (test_behavior.TransportAndIdentity) ... ok
test_budgets_exact_and_one_below (test_behavior.TransportAndIdentity) ... ok
test_identity_api_sha (test_behavior.TransportAndIdentity) ... ok
test_identity_api_size (test_behavior.TransportAndIdentity) ... ok
test_identity_commit_tree_binding (test_behavior.TransportAndIdentity) ... ok
test_identity_decoded_size (test_behavior.TransportAndIdentity) ... ok
test_identity_duplicate_and_traversal_tree_paths (test_behavior.TransportAndIdentity) ... ok
test_identity_duplicate_json_field (test_behavior.TransportAndIdentity) ... ok
test_identity_git_blob_semantics (test_behavior.TransportAndIdentity) ... ok
test_identity_metadata_hashes_before_any_request (test_behavior.TransportAndIdentity) ... ok
test_identity_nul_and_non_utf8 (test_behavior.TransportAndIdentity) ... ok
test_identity_seed_type_mode_and_sha (test_behavior.TransportAndIdentity) ... ok
test_identity_truncated_tree (test_behavior.TransportAndIdentity) ... ok
test_policy_cannot_expand_caps_or_use_real_root (test_behavior.TransportAndIdentity) ... ok

----------------------------------------------------------------------
Ran 66 tests in 0.462s

OK
normalized_sha256=9d86eccf2c898a772e9973f34faeec4b04cab5ccb258aaaba15ca04772fa4954
