test_F3_nonlast_denylist_zero_followup (test_acquisition.AcquisitionTests) ... ok
test_F4_all_review_gates_and_determinism (test_acquisition.AcquisitionTests) ... ok
test_F8_F9_persistence_stops_before_io (test_acquisition.AcquisitionTests) ... ok
test_RV1_archive_exhaustion_is_explicit_with_replay_inputs (test_acquisition.AcquisitionTests) ... ok
test_RV1_bounded_archive_exact_excess_and_tamper (test_acquisition.AcquisitionTests) ... ok
test_RV1_inline_edge_boundary_preserves_all_new_edges (test_acquisition.AcquisitionTests) ... ok
test_RV1_large_edge_evidence_is_complete_bounded_and_recoverable (test_acquisition.AcquisitionTests) ... ok
test_RV1_record_write_read_exact_limit_and_excess (test_acquisition.AcquisitionTests) ... ok
test_blob_git_sha_duplicate_and_invalid_json (test_acquisition.AcquisitionTests) ... ok
test_blob_json_base64_identity_and_data (test_acquisition.AcquisitionTests) ... ok
test_body_preservation_failure_stops_before_adoption_or_parse (test_acquisition.AcquisitionTests) ... ok
test_five_budget_exact_and_excess (test_acquisition.AcquisitionTests) ... ok
test_full_chain_parser_rejects_missing_and_conditional (test_acquisition.AcquisitionTests) ... ok
test_full_entry_shared_core_transport_and_receipts (test_acquisition.AcquisitionTests) ... ok
test_input_all_fixed_policy_fields (test_acquisition.AcquisitionTests) ... ok
test_input_independent_pins (test_acquisition.AcquisitionTests) ... ok
test_input_raw_size_type_and_metadata_drift (test_acquisition.AcquisitionTests) ... ok
test_input_unknown_duplicate_types_and_noncanonical (test_acquisition.AcquisitionTests) ... ok
test_known_optional_commit_fields_are_typed_and_inert (test_acquisition.AcquisitionTests) ... ok
test_metadata_identity_chain (test_acquisition.AcquisitionTests) ... ok
test_metadata_paths_modes_types_sizes_sha (test_acquisition.AcquisitionTests) ... ok
test_metadata_persistence_failure_before_parse (test_acquisition.AcquisitionTests) ... ok
test_metadata_raw_duplicate_and_malformed (test_acquisition.AcquisitionTests) ... ok
test_permanent_unwritable_returns_honest_unpersisted (test_acquisition.AcquisitionTests) ... ok
test_preserved_body_is_verified_data_and_tampering_stops (test_acquisition.AcquisitionTests) ... ok
test_running_release_hash_must_match_independent_trust (test_acquisition.AcquisitionTests) ... ok
test_runtime_guard_installed_before_production_workload (test_acquisition.AcquisitionTests) ... ok
test_small_advertised_length_cannot_bypass_actual_read_cap (test_acquisition.AcquisitionTests) ... ok
test_total_budget_exhausted_before_first_authorization (test_acquisition.AcquisitionTests) ... ok
test_transport_all_statuses_and_no_follow (test_acquisition.AcquisitionTests) ... ok
test_transport_errors_no_retries_and_close (test_acquisition.AcquisitionTests) ... ok
test_transport_headers_and_framing (test_acquisition.AcquisitionTests) ... ok
test_transport_no_proxy_environment_or_arbitrary_url (test_acquisition.AcquisitionTests) ... ok
test_transport_receipts_single_use (test_acquisition.AcquisitionTests) ... ok
test_F4_closed_graph_without_review_is_insufficient (test_behavior.EvidenceGate) ... ok
test_F4_complete_synthetic_review_never_approves_source (test_behavior.EvidenceGate) ... ok
test_F4_each_missing_evidence_blocks (test_behavior.EvidenceGate) ... ok
test_F4_partial_manual_symbol_and_reachability_blocks (test_behavior.EvidenceGate) ... ok
test_F4_unresolved_cannot_be_overridden_by_review (test_behavior.EvidenceGate) ... ok
test_F4_wrong_binding_and_source_map_blocks (test_behavior.EvidenceGate) ... ok
test_schema_reusable_with_different_synthetic_roots_symbols_and_ids (test_behavior.GenericSchema) ... ok
test_fixture_provenance_and_no_url_or_binary (test_behavior.NegativeCapabilities) ... ok
test_negative_current_source_inventory (test_behavior.NegativeCapabilities) ... ok
test_negative_import_and_execution_detection (test_behavior.NegativeCapabilities) ... ok
test_F1_ambiguous (test_behavior.ParserBehavior) ... ok
test_F1_generated (test_behavior.ParserBehavior) ... ok
test_F1_internal_angles_relative_duplicate_and_external (test_behavior.ParserBehavior) ... ok
test_F1_missing_angle_internal (test_behavior.ParserBehavior) ... ok
test_F1_missing_quoted (test_behavior.ParserBehavior) ... ok
test_F1_outside_scope (test_behavior.ParserBehavior) ... ok
test_F1_parent_relative (test_behavior.ParserBehavior) ... ok
test_F1_path_escape (test_behavior.ParserBehavior) ... ok
test_F1_unknown_external_is_not_guessed (test_behavior.ParserBehavior) ... ok
test_F2_comments_do_not_create_edges (test_behavior.ParserBehavior) ... ok
test_F2_conditional_branch (test_behavior.ParserBehavior) ... ok
test_F2_continuation (test_behavior.ParserBehavior) ... ok
test_F2_digraph (test_behavior.ParserBehavior) ... ok
test_F2_macro (test_behavior.ParserBehavior) ... ok
test_F2_mismatched_delimiters (test_behavior.ParserBehavior) ... ok
test_F2_raw_string (test_behavior.ParserBehavior) ... ok
test_F2_string_does_not_create_edge (test_behavior.ParserBehavior) ... ok
test_F2_unclosed_comment (test_behavior.ParserBehavior) ... ok
test_F2_unknown_directive (test_behavior.ParserBehavior) ... ok
test_F3_capability_stops_before_last_seed (test_behavior.ParserBehavior) ... ok
test_F3_denylist_inside_allowed_root_stops_before_last_seed (test_behavior.ParserBehavior) ... ok
test_F3_denylist_missing_path_still_stops (test_behavior.ParserBehavior) ... ok
test_F3_new_reached_type_checked_before_next_seed (test_behavior.ParserBehavior) ... ok
test_F8_checkpoint_publish_failure_prevents_fetch (test_behavior.PersistenceBehavior) ... ok
test_F8_interrupt_and_fetch_error (test_behavior.PersistenceBehavior) ... ok
test_F8_stage_faults_preserve_state_without_retry (test_behavior.PersistenceBehavior) ... ok
test_F8_terminal_write_failure_uses_evidence_only_fallback (test_behavior.PersistenceBehavior) ... ok
test_F8_two_independent_directories_identical (test_behavior.PersistenceBehavior) ... ok
test_F9_actual_os_short_write (test_behavior.PersistenceBehavior) ... ok
test_F9_evidence_path_rejected (test_behavior.PersistenceBehavior) ... ok
test_F9_existing_run_rejected (test_behavior.PersistenceBehavior) ... ok
test_F9_no_overwrite_of_existing_evidence (test_behavior.PersistenceBehavior) ... ok
test_F9_regular_reader_rejects_symlink_hardlink_and_fifo (test_behavior.PersistenceBehavior) ... ok
test_F9_short_authorization_write_is_not_published_or_used (test_behavior.PersistenceBehavior) ... ok
test_F9_symlink_parent_rejected_before_enumeration (test_behavior.PersistenceBehavior) ... ok
test_F5_all_redirects_stop_without_follow_or_extra_authorization (test_behavior.TransportAndIdentity) ... ok
test_F6_response_cap_before_decode_or_adoption (test_behavior.TransportAndIdentity) ... ok
test_F6_response_exact_limit (test_behavior.TransportAndIdentity) ... ok
test_F7_ascii_base64_whitespace (test_behavior.TransportAndIdentity) ... ok
test_F7_extra_padding_rejected (test_behavior.TransportAndIdentity) ... ok
test_F7_invalid_base64_character (test_behavior.TransportAndIdentity) ... ok
test_F7_unicode_whitespace_rejected (test_behavior.TransportAndIdentity) ... ok
test_F7_wrong_encoding (test_behavior.TransportAndIdentity) ... ok
test_budgets_exact_and_one_below (test_behavior.TransportAndIdentity) ... ok
test_identity_api_sha (test_behavior.TransportAndIdentity) ... ok
test_identity_api_size (test_behavior.TransportAndIdentity) ... ok
test_identity_commit_tree_binding (test_behavior.TransportAndIdentity) ... ok
test_identity_decoded_size (test_behavior.TransportAndIdentity) ... ok
test_identity_duplicate_and_traversal_tree_paths (test_behavior.TransportAndIdentity) ... ok
test_identity_duplicate_json_field (test_behavior.TransportAndIdentity) ... ok
test_identity_git_blob_semantics (test_behavior.TransportAndIdentity) ... ok
test_identity_metadata_hashes_before_any_request (test_behavior.TransportAndIdentity) ... ok
test_identity_nul_and_non_utf8 (test_behavior.TransportAndIdentity) ... ok
test_identity_seed_type_mode_and_sha (test_behavior.TransportAndIdentity) ... ok
test_identity_truncated_tree (test_behavior.TransportAndIdentity) ... ok
test_policy_cannot_expand_caps_or_use_real_root (test_behavior.TransportAndIdentity) ... ok
test_adapter_receipt_rechecks_role_contract_before_transport (test_content_routing.ContentRoutingTests) ... ok
test_body_inspector_rejects_role_binding_drift (test_content_routing.ContentRoutingTests) ... ok
test_controller_rechecks_role_before_authorization (test_content_routing.ContentRoutingTests) ... ok
test_cpp_to_license_is_role_conflict_no_successor (test_content_routing.ContentRoutingTests) ... ok
test_fake_manual_review_does_not_clear_runtime_review_status (test_content_routing.ContentRoutingTests) ... ok
test_inert_metadata_near_names_gain_no_request_rights (test_content_routing.ContentRoutingTests) ... ok
test_intentional_cpp_stops_without_successor_request (test_content_routing.ContentRoutingTests) ... ok
test_internal_role_contract_mutations_fail_before_request (test_content_routing.ContentRoutingTests) ... ok
test_legacy_schema_cannot_masquerade_as_typed_contract (test_content_routing.ContentRoutingTests) ... ok
test_license_deny_detector_is_preserved_without_graph_edges (test_content_routing.ContentRoutingTests) ... ok
test_license_lexical_traps_all_inert (test_content_routing.ContentRoutingTests) ... ok
test_license_prose_never_invokes_cpp_parser (test_content_routing.ContentRoutingTests) ... ok
test_near_license_contract_names_pre_authorization (test_content_routing.ContentRoutingTests) ... ok
test_role_binding_in_authorization_body_manifest_and_terminal (test_content_routing.ContentRoutingTests) ... ok
test_role_cannot_be_guessed_for_untyped_seed_or_unknown_origin (test_content_routing.ContentRoutingTests) ... ok
test_role_contract_exact_nine_seeds_and_explicit_transition (test_content_routing.ContentRoutingTests) ... ok
test_role_validator_rejects_near_names_and_conflicts (test_content_routing.ContentRoutingTests) ... ok
test_supported_cpp_headers_and_sources_keep_literal_graph (test_content_routing.ContentRoutingTests) ... ok
test_text_evidence_persistence_failure_stops_before_cpp (test_content_routing.ContentRoutingTests) ... ok
test_unknown_or_conflicting_input_roles_pre_authorization (test_content_routing.ContentRoutingTests) ... ok
test_R1_original_report_and_representation_domains (test_manual_intake.ManualIntakeTests) ... ok
test_R1_private_permissions_distinct_from_source_git_mode (test_manual_intake.ManualIntakeTests) ... ok
test_R1_rebound_wrong_domains_and_missing_original_stop (test_manual_intake.ManualIntakeTests) ... ok
test_canonical_and_count_boundaries (test_manual_intake.ManualIntakeTests) ... ok
test_complete_negative_matrix_no_successors (test_manual_intake.ManualIntakeTests) ... ok
test_fresh_run_and_append_only_identities (test_manual_intake.ManualIntakeTests) ... ok
test_hard_stops_have_priority (test_manual_intake.ManualIntakeTests) ... ok
test_missing_package_retains_original_pending (test_manual_intake.ManualIntakeTests) ... ok
test_positive_and_distinct_occurrences (test_manual_intake.ManualIntakeTests) ... ok
test_171_inert_names_do_not_change_request_sequence (test_metadata_names.MetadataNamesTests) ... ok
test_all_control_codepoints_and_invalid_name_types (test_metadata_names.MetadataNamesTests) ... ok
test_benign_names_are_lossless_inert_entries (test_metadata_names.MetadataNamesTests) ... ok
test_every_attribute_mode_and_original_order_survive (test_metadata_names.MetadataNamesTests) ... ok
test_exact_duplicates_fail_even_when_attributes_differ (test_metadata_names.MetadataNamesTests) ... ok
test_in_scope_unusual_dependency_attempts_stop_without_fetch (test_metadata_names.MetadataNamesTests) ... ok
test_inert_scope_acceptance_does_not_relax_mode_or_denylist (test_metadata_names.MetadataNamesTests) ... ok
test_malicious_names_fail_before_any_authorization (test_metadata_names.MetadataNamesTests) ... ok
test_nfc_nfd_collisions_remain_distinct_and_unauthorized (test_metadata_names.MetadataNamesTests) ... ok
test_no_trim_casefold_percent_decode_or_separator_conversion (test_metadata_names.MetadataNamesTests) ... ok
test_pure_metadata_summary_retains_complete_authored_input (test_metadata_names.MetadataNamesTests) ... ok
test_raw_json_spelling_and_whitespace_are_preserved (test_metadata_names.MetadataNamesTests) ... ok
test_R1_R2_coexisting_boundary_and_capability_evidence (test_source_semantics.SourceSemanticsTests) ... ok
test_R1_R2_ordinary_comment_and_literal_controls_are_preserved (test_source_semantics.SourceSemanticsTests) ... ok
test_R1_all_unsupported_header_contexts_preserve_active_priority (test_source_semantics.SourceSemanticsTests) ... ok
test_R1_exact_leader_authored_counterexample_identities (test_source_semantics.SourceSemanticsTests) ... ok
test_R2_directive_spanning_block_comments_never_canonical (test_source_semantics.SourceSemanticsTests) ... ok
test_all_active_channels_hard_stop (test_source_semantics.SourceSemanticsTests) ... ok
test_all_guard_negative_forms_before_successor (test_source_semantics.SourceSemanticsTests) ... ok
test_ambiguity_never_recovers_a_comment_exemption (test_source_semantics.SourceSemanticsTests) ... ok
test_byte_partition_crlf_multilingual_hash_chain (test_source_semantics.SourceSemanticsTests) ... ok
test_comment_channels_pending_with_complete_guard_graph (test_source_semantics.SourceSemanticsTests) ... ok
test_comment_evidence_not_transferable_between_bodies_or_lines (test_source_semantics.SourceSemanticsTests) ... ok
test_directive_context_does_not_overwrite_literal_channel (test_source_semantics.SourceSemanticsTests) ... ok
test_encoding_and_nul_stop_before_source_adoption (test_source_semantics.SourceSemanticsTests) ... ok
test_exact_denied_detector_inventory_and_all_hits (test_source_semantics.SourceSemanticsTests) ... ok
test_guard_positive_variations (test_source_semantics.SourceSemanticsTests) ... ok
test_identity_file_safety_priority_retains_semantics (test_source_semantics.SourceSemanticsTests) ... ok
test_lexical_outranks_pending_without_losing_comment (test_source_semantics.SourceSemanticsTests) ... ok
test_lexical_stops_full_chain (test_source_semantics.SourceSemanticsTests) ... ok
test_literal_comment_markers_and_escaped_quotes (test_source_semantics.SourceSemanticsTests) ... ok
test_manual_or_global_review_cannot_clear_pending (test_source_semantics.SourceSemanticsTests) ... ok
test_mixed_active_comment_unsupported_all_retained (test_source_semantics.SourceSemanticsTests) ... ok
test_open_edge_and_missing_reviews_never_feasible (test_source_semantics.SourceSemanticsTests) ... ok
test_report_archive_exhaustion_is_explicit (test_source_semantics.SourceSemanticsTests) ... ok
test_report_persistence_failure_is_explicit_no_successor (test_source_semantics.SourceSemanticsTests) ... ok
test_semantic_policy_cannot_be_mutated (test_source_semantics.SourceSemanticsTests) ... ok
test_unsupported_outranks_comment_pending (test_source_semantics.SourceSemanticsTests) ... ok
test_each_time_field_hash_domain_and_integer_type (test_timestamps.TimestampTests) ... ok
test_equal_instants_never_replace_committed_representation (test_timestamps.TimestampTests) ... ok
test_independent_recalculation_detects_adjudication_tampering (test_timestamps.TimestampTests) ... ok
test_invalid_grammar_calendar_precision_and_overflow (test_timestamps.TimestampTests) ... ok
test_legal_calendar_precision_offset_and_integer_bounds (test_timestamps.TimestampTests) ... ok
test_missing_duplicate_noncanonical_and_authority_bindings (test_timestamps.TimestampTests) ... ok
test_old_new_domains_and_untrusted_clearance_rejected (test_timestamps.TimestampTests) ... ok

----------------------------------------------------------------------
Ran 174 tests in 64.658s

OK
normalized_sha256=e4967828a929e199fc913c352d08fb17e081d04a618280d9bbc285cd26487664
